
9. Printing statistics.

=== mult_booth_extrec ===

        +----------Local Count, excluding submodules.
        |        +-Local Area, excluding submodules.
        |        | 
     2280        - wires
     2418        - wire bits
        8        - public wires
      146        - public wire bits
        5        - ports
       74        - port bits
     2304  2.7E+03 cells
       36   38.304   AND2_X1
       24    31.92   AND3_X1
        5     7.98   AND4_X1
      169  179.816   AOI21_X1
       61    81.13   AOI22_X1
       72   383.04   DFFR_X1
      182   96.824   INV_X1
      523  417.354   NAND2_X1
      452  480.928   NAND3_X1
      133   176.89   NAND4_X1
       61   48.678   NOR2_X1
        7    7.448   NOR3_X1
       76   101.08   OAI211_X1
      251  267.064   OAI21_X1
       67  106.932   OAI221_X1
       71    94.43   OAI22_X1
        7    7.448   OR2_X1
        1     1.33   OR3_X1
       96  153.216   XNOR2_X1
       10    15.96   XOR2_X1

   Chip area for module '\mult_booth_extrec': 2697.772000
     of which used for sequential elements: 383.040000 (14.20%)

