
20. Printing statistics.

=== booth_multiplier_wrapper ===

        +----------Local Count, excluding submodules.
        |        +-Local Area, excluding submodules.
        |        | 
     1130        - wires
     1252        - wire bits
        8        - public wires
      130        - public wire bits
        5        - ports
       66        - port bits
     1154 1.69E+03 cells
       19   20.216   AND2_X1
       12    15.96   AND3_X1
        1    1.596   AND4_X1
        1     1.33   AOI211_X1
       98  104.272   AOI21_X1
       16    21.28   AOI22_X1
       64   340.48   DFFR_X1
       39   20.748   INV_X1
       92  171.304   MUX2_X1
      189  150.822   NAND2_X1
       20    21.28   NAND3_X1
        9    11.97   NAND4_X1
      112   89.376   NOR2_X1
        3    3.192   NOR3_X1
        5     6.65   OAI211_X1
       70    74.48   OAI21_X1
       19   20.216   OR2_X1
        4     5.32   OR3_X1
      206  328.776   XNOR2_X1
      175    279.3   XOR2_X1

   Chip area for module '\booth_multiplier_wrapper': 1688.568000
     of which used for sequential elements: 340.480000 (20.16%)

