
16. Printing statistics.

=== mult_booth_extrec ===

        +----------Local Count, excluding submodules.
        |        +-Local Area, excluding submodules.
        |        | 
     1025        - wires
     1125        - wire bits
        6        - public wires
      106        - public wire bits
        5        - ports
       74        - port bits
     1083   67.112 cells
        4        -   A2O1A1Ixp33_ASAP7_75t_R
       21        -   A2O1A1O1Ixp25_ASAP7_75t_R
       41    3.587   AND2x2_ASAP7_75t_R
        3    0.262   AND3x1_ASAP7_75t_R
        3        -   AO211x2_ASAP7_75t_R
       10        -   AO21x1_ASAP7_75t_R
        1        -   AOI211xp5_ASAP7_75t_R
       24        -   AOI21xp33_ASAP7_75t_R
        4        -   AOI31xp33_ASAP7_75t_R
        1        -   AOI32xp33_ASAP7_75t_R
       72        -   DFFASRHQNx1_ASAP7_75t_R
      101        -   INVx1_ASAP7_75t_R
       44    4.491   MAJIxp5_ASAP7_75t_R
       11    1.443   MAJx2_ASAP7_75t_R
       30     1.75   NAND2xp33_ASAP7_75t_R
        4    0.292   NAND3xp33_ASAP7_75t_R
        2    0.175   NAND4xp25_ASAP7_75t_R
       55    3.208   NOR2xp33_ASAP7_75t_R
       14    1.021   NOR3xp33_ASAP7_75t_R
        1    0.087   NOR4xp25_ASAP7_75t_R
        8        -   O2A1O1Ixp33_ASAP7_75t_R
        3        -   OA211x2_ASAP7_75t_R
        2        -   OA21x2_ASAP7_75t_R
      218        -   OAI21xp33_ASAP7_75t_R
       11        -   OAI22xp33_ASAP7_75t_R
        1        -   OAI31xp33_ASAP7_75t_R
       13    1.137   OR2x2_ASAP7_75t_R
        7    0.612   OR3x1_ASAP7_75t_R
        1    0.102   OR4x1_ASAP7_75t_R
      234   30.705   XNOR2xp5_ASAP7_75t_R
      139    18.24   XOR2xp5_ASAP7_75t_R

   Area for cell type \AOI32xp33_ASAP7_75t_R is unknown!
   Area for cell type \AOI211xp5_ASAP7_75t_R is unknown!
   Area for cell type \OA211x2_ASAP7_75t_R is unknown!
   Area for cell type \OA21x2_ASAP7_75t_R is unknown!
   Area for cell type \O2A1O1Ixp33_ASAP7_75t_R is unknown!
   Area for cell type \A2O1A1O1Ixp25_ASAP7_75t_R is unknown!
   Area for cell type \AO21x1_ASAP7_75t_R is unknown!
   Area for cell type \A2O1A1Ixp33_ASAP7_75t_R is unknown!
   Area for cell type \AO211x2_ASAP7_75t_R is unknown!
   Area for cell type \OAI31xp33_ASAP7_75t_R is unknown!
   Area for cell type \AOI31xp33_ASAP7_75t_R is unknown!
   Area for cell type \OAI22xp33_ASAP7_75t_R is unknown!
   Area for cell type \OAI21xp33_ASAP7_75t_R is unknown!
   Area for cell type \AOI21xp33_ASAP7_75t_R is unknown!
   Area for cell type \INVx1_ASAP7_75t_R is unknown!
   Area for cell type \DFFASRHQNx1_ASAP7_75t_R is unknown!

   Chip area for module '\mult_booth_extrec': 67.111740
     of which used for sequential elements: 0.000000 (0.00%)

