
29. Printing statistics.

=== booth_multiplier_wrapper ===

        +----------Local Count, excluding submodules.
        |        +-Local Area, excluding submodules.
        |        | 
     1112        - wires
     1234        - wire bits
        8        - public wires
      130        - public wire bits
        5        - ports
       66        - port bits
     1136  1671.81 cells
       12   12.768   AND2_X1
       15    19.95   AND3_X1
        3    4.788   AND4_X1
        2     2.66   AOI211_X1
       73   77.672   AOI21_X1
       47    62.51   AOI22_X1
       64   340.48   DFFR_X1
       25     13.3   INV_X1
       66  122.892   MUX2_X1
      172  137.256   NAND2_X1
       31   32.984   NAND3_X1
        9    11.97   NAND4_X1
      121   96.558   NOR2_X1
        2    2.128   NOR3_X1
        1     1.33   NOR4_X1
        6     7.98   OAI211_X1
       76   80.864   OAI21_X1
        4     5.32   OAI22_X1
       21   22.344   OR2_X1
      213  339.948   XNOR2_X1
      173  276.108   XOR2_X1

   Chip area for module '\booth_multiplier_wrapper': 1671.810000
     of which used for sequential elements: 340.480000 (20.37%)

