
29. Printing statistics.

=== booth_multiplier_wrapper ===

        +----------Local Count, excluding submodules.
        |        +-Local Area, excluding submodules.
        |        | 
     1068        - wires
     1190        - wire bits
        8        - public wires
      130        - public wire bits
        5        - ports
       66        - port bits
     1092 1.63E+03 cells
       20    21.28   AND2_X1
        8    10.64   AND3_X1
        4    6.384   AND4_X1
        3     3.99   AOI211_X1
       72   76.608   AOI21_X1
       59    78.47   AOI22_X1
       64   340.48   DFFR_X1
       18    9.576   INV_X1
       61  113.582   MUX2_X1
      154  122.892   NAND2_X1
       17   18.088   NAND3_X1
        5     6.65   NAND4_X1
      120    95.76   NOR2_X1
        4    4.256   NOR3_X1
        1     1.33   NOR4_X1
        3     3.99   OAI211_X1
       69   73.416   OAI21_X1
       13   13.832   OR2_X1
        3     3.99   OR3_X1
        1    1.596   OR4_X1
      196  312.816   XNOR2_X1
      197  314.412   XOR2_X1

   Chip area for module '\booth_multiplier_wrapper': 1634.038000
     of which used for sequential elements: 340.480000 (20.84%)

