
29. Printing statistics.

=== booth_multiplier_wrapper ===

        +----------Local Count, excluding submodules.
        |        +-Local Area, excluding submodules.
        |        | 
     1006        - wires
     1128        - wire bits
        8        - public wires
      130        - public wire bits
        5        - ports
       66        - port bits
     1030 1.55E+03 cells
       21   22.344   AND2_X1
       11    14.63   AND3_X1
        4    6.384   AND4_X1
        5     6.65   AOI211_X1
       75     79.8   AOI21_X1
      119   158.27   AOI22_X1
       64   340.48   DFFR_X1
       20    10.64   INV_X1
        1    1.862   MUX2_X1
       89   71.022   NAND2_X1
       16   17.024   NAND3_X1
        7     9.31   NAND4_X1
      119   94.962   NOR2_X1
        4    4.256   NOR3_X1
        3     3.99   OAI211_X1
       63   67.032   OAI21_X1
        1    1.596   OAI221_X1
       12   12.768   OR2_X1
        2     2.66   OR3_X1
      195   311.22   XNOR2_X1
      199  317.604   XOR2_X1

   Chip area for module '\booth_multiplier_wrapper': 1554.504000
     of which used for sequential elements: 340.480000 (21.90%)

