
20. Printing statistics.

=== booth_multiplier_wrapper ===

        +----------Local Count, excluding submodules.
        |        +-Local Area, excluding submodules.
        |        | 
     1102        - wires
     1224        - wire bits
        8        - public wires
      130        - public wire bits
        5        - ports
       66        - port bits
     1126 1.67E+03 cells
       13   13.832   AND2_X1
        9    11.97   AND3_X1
        3    4.788   AND4_X1
        2     2.66   AOI211_X1
       75     79.8   AOI21_X1
       29    38.57   AOI22_X1
       64   340.48   DFFR_X1
       20    10.64   INV_X1
       91  169.442   MUX2_X1
      184  146.832   NAND2_X1
       17   18.088   NAND3_X1
        4     5.32   NAND4_X1
      126  100.548   NOR2_X1
        6    6.384   NOR3_X1
        2     2.66   NOR4_X1
        3     3.99   OAI211_X1
       70    74.48   OAI21_X1
       12   12.768   OR2_X1
        4     5.32   OR3_X1
        1    1.596   OR4_X1
      202  322.392   XNOR2_X1
      189  301.644   XOR2_X1

   Chip area for module '\booth_multiplier_wrapper': 1674.204000
     of which used for sequential elements: 340.480000 (20.34%)

