
29. Printing statistics.

=== booth_multiplier_wrapper ===

        +----------Local Count, excluding submodules.
        |        +-Local Area, excluding submodules.
        |        | 
     1051        - wires
     1173        - wire bits
        8        - public wires
      130        - public wire bits
        5        - ports
       66        - port bits
     1075 1.66E+03 cells
       31   32.984   AND2_X1
       13    17.29   AND3_X1
        2    3.192   AND4_X1
        4     5.32   AOI211_X1
       83   88.312   AOI21_X1
       30     39.9   AOI22_X1
       64   340.48   DFFR_X1
       31   16.492   INV_X1
      147  273.714   MUX2_X1
       95    75.81   NAND2_X1
       39   41.496   NAND3_X1
        3     3.99   NAND4_X1
       82   65.436   NOR2_X1
       17   18.088   NOR3_X1
        6     7.98   OAI211_X1
       75     79.8   OAI21_X1
        1    1.596   OAI221_X1
       20    21.28   OR2_X1
        3     3.99   OR3_X1
      173  276.108   XNOR2_X1
      156  248.976   XOR2_X1

   Chip area for module '\booth_multiplier_wrapper': 1662.234000
     of which used for sequential elements: 340.480000 (20.48%)

