
29. Printing statistics.

=== booth_multiplier_wrapper ===

        +----------Local Count, excluding submodules.
        |        +-Local Area, excluding submodules.
        |        | 
     1120        - wires
     1242        - wire bits
        8        - public wires
      130        - public wire bits
        5        - ports
       66        - port bits
     1144  1663.83 cells
       24   25.536   AND2_X1
       29    38.57   AND3_X1
        3    4.788   AND4_X1
        3     3.99   AOI211_X1
       97  103.208   AOI21_X1
        1    1.596   AOI221_X1
       62    82.46   AOI22_X1
       64   340.48   DFFR_X1
       37   19.684   INV_X1
       28   52.136   MUX2_X1
      130   103.74   NAND2_X1
       33   35.112   NAND3_X1
        8    10.64   NAND4_X1
      124   98.952   NOR2_X1
        7    7.448   NOR3_X1
        4     5.32   NOR4_X1
        2     2.66   OAI211_X1
       76   80.864   OAI21_X1
        3     3.99   OAI22_X1
       16   17.024   OR2_X1
        6     7.98   OR3_X1
      216  344.736   XNOR2_X1
      171  272.916   XOR2_X1

   Chip area for module '\booth_multiplier_wrapper': 1663.830000
     of which used for sequential elements: 340.480000 (20.46%)

