
29. Printing statistics.

=== booth_multiplier_wrapper ===

        +----------Local Count, excluding submodules.
        |        +-Local Area, excluding submodules.
        |        | 
     1097        - wires
     1219        - wire bits
        8        - public wires
      130        - public wire bits
        5        - ports
       66        - port bits
     1121  1634.57 cells
       23   24.472   AND2_X1
       45    59.85   AND3_X1
        4    6.384   AND4_X1
        3     3.99   AOI211_X1
      107  113.848   AOI21_X1
        1    1.596   AOI221_X1
       46    61.18   AOI22_X1
       64   340.48   DFFR_X1
       37   19.684   INV_X1
        1    1.862   MUX2_X1
      106   84.588   NAND2_X1
       32   34.048   NAND3_X1
        9    11.97   NAND4_X1
      119   94.962   NOR2_X1
        5     5.32   NOR3_X1
        4     5.32   NOR4_X1
        2     2.66   OAI211_X1
       76   80.864   OAI21_X1
       31    41.23   OAI22_X1
       11   11.704   OR2_X1
        7     9.31   OR3_X1
      210   335.16   XNOR2_X1
      178  284.088   XOR2_X1

   Chip area for module '\booth_multiplier_wrapper': 1634.570000
     of which used for sequential elements: 340.480000 (20.83%)

