
7. Printing statistics.

=== mult_booth_extrec_8 ===

        +----------Local Count, excluding submodules.
        |        +-Local Area, excluding submodules.
        |        | 
      733        - wires
      951        - wire bits
       39        - public wires
      257        - public wire bits
        5        - ports
       38        - port bits
      341  540.778 cells
        4        -   $scopeinfo
        7    7.448   AND2_X1
        9    11.97   AND3_X1
        1    1.596   AND4_X1
        1     1.33   AOI211_X1
       44   46.816   AOI21_X1
       16    21.28   AOI22_X1
       36   191.52   DFFR_X1
       27   14.364   INV_X1
        1    1.862   MUX2_X1
       25    19.95   NAND2_X1
       11   11.704   NAND3_X1
       29   23.142   NOR2_X1
        5     5.32   NOR3_X1
        1     1.33   OAI211_X1
       19   20.216   OAI21_X1
        7    7.448   OR2_X1
       11    14.63   OR3_X1
        1    1.596   OR4_X1
       60    95.76   XNOR2_X1
       26   41.496   XOR2_X1

   Area for cell type $scopeinfo is unknown!

   Chip area for module '\mult_booth_extrec_8': 540.778000
     of which used for sequential elements: 191.520000 (35.42%)

