
10. Printing statistics.

=== mult_booth ===

        +----------Local Count, excluding submodules.
        |        +-Local Area, excluding submodules.
        |        | 
     2375        - wires
     2498        - wire bits
       17        - public wires
      140        - public wire bits
        5        - ports
       66        - port bits
     2390  2725.17 cells
       40    42.56   AND2_X1
       17    22.61   AND3_X1
        4    6.384   AND4_X1
      195   207.48   AOI21_X1
       45    59.85   AOI22_X1
       64   340.48   DFFR_X1
      198  105.336   INV_X1
        1    1.862   MUX2_X1
      536  427.728   NAND2_X1
      419  445.816   NAND3_X1
      127   168.91   NAND4_X1
       74   59.052   NOR2_X1
       28   29.792   NOR3_X1
        2     2.66   NOR4_X1
      114   151.62   OAI211_X1
      302  321.328   OAI21_X1
       47   75.012   OAI221_X1
       54    71.82   OAI22_X1
       16   17.024   OR2_X1
       11    14.63   OR3_X1
       86  137.256   XNOR2_X1
       10    15.96   XOR2_X1

   Chip area for module '\mult_booth': 2725.170000
     of which used for sequential elements: 340.480000 (12.49%)

