
12. Printing statistics.

=== mult_naive ===

        +----------Local Count, excluding submodules.
        |        +-Local Area, excluding submodules.
        |        | 
     1795        - wires
     1917        - wire bits
        8        - public wires
      130        - public wire bits
        5        - ports
       66        - port bits
     1819 2.31E+03 cells
       91   96.824   AND2_X1
       50     66.5   AND3_X1
       23   36.708   AND4_X1
        3     3.99   AOI211_X1
      157  167.048   AOI21_X1
       34    45.22   AOI22_X1
       64   340.48   DFFR_X1
      125     66.5   INV_X1
        2    3.724   MUX2_X1
      278  221.844   NAND2_X1
       43   45.752   NAND3_X1
        3     3.99   NAND4_X1
      210   167.58   NOR2_X1
       33   35.112   NOR3_X1
        7     9.31   OAI211_X1
      121  128.744   OAI21_X1
        7     9.31   OAI22_X1
        2    3.724   OAI33_X1
       63   67.032   OR2_X1
       49    65.17   OR3_X1
        2    3.192   OR4_X1
      249  397.404   XNOR2_X1
      203  323.988   XOR2_X1

   Chip area for module '\mult_naive': 2309.146000
     of which used for sequential elements: 340.480000 (14.74%)

