
10. Printing statistics.

=== mult_booth_20 ===

        +----------Local Count, excluding submodules.
        |        +-Local Area, excluding submodules.
        |        | 
     3628        - wires
     3783        - wire bits
       19        - public wires
      174        - public wire bits
        5        - ports
       82        - port bits
     3649 4.14E+03 cells
       47   50.008   AND2_X1
       57    75.81   AND3_X1
        8   12.768   AND4_X1
      317  337.288   AOI21_X1
       91   121.03   AOI22_X1
       80    425.6   DFFR_X1
      295   156.94   INV_X1
        1    1.862   MUX2_X1
      782  624.036   NAND2_X1
      656  697.984   NAND3_X1
      203   269.99   NAND4_X1
       89   71.022   NOR2_X1
       48   51.072   NOR3_X1
        3     3.99   NOR4_X1
      171   227.43   OAI211_X1
      428  455.392   OAI21_X1
       98  156.408   OAI221_X1
      112   148.96   OAI22_X1
       22   23.408   OR2_X1
        3     3.99   OR3_X1
      120   191.52   XNOR2_X1
       18   28.728   XOR2_X1

   Chip area for module '\mult_booth_20': 4135.236000
     of which used for sequential elements: 425.600000 (10.29%)

