
20. Printing statistics.

=== booth_multiplier_wrapper ===

        +----------Local Count, excluding submodules.
        |        +-Local Area, excluding submodules.
        |        | 
     1100        - wires
     1222        - wire bits
       16        - public wires
      138        - public wire bits
        5        - ports
       66        - port bits
     1116   1622.6 cells
       31   32.984   AND2_X1
       14    18.62   AND3_X1
        2     2.66   AOI211_X1
      270   287.28   AOI21_X1
        4    6.384   AOI221_X1
        4     5.32   AOI22_X1
       64   340.48   DFFR_X1
       32   17.024   INV_X1
       14   26.068   MUX2_X1
       86   68.628   NAND2_X1
       28   29.792   NAND3_X1
       86   68.628   NOR2_X1
        1    1.064   NOR3_X1
        2     2.66   NOR4_X1
        5     6.65   OAI211_X1
       66   70.224   OAI21_X1
        2    3.192   OAI221_X1
       20    21.28   OR2_X1
        3     3.99   OR3_X1
      206  328.776   XNOR2_X1
      176  280.896   XOR2_X1

   Chip area for module '\booth_multiplier_wrapper': 1622.600000
     of which used for sequential elements: 340.480000 (20.98%)

