
20. Printing statistics.

=== booth_multiplier_wrapper ===

        +----------Local Count, excluding submodules.
        |        +-Local Area, excluding submodules.
        |        | 
     1012        - wires
     1134        - wire bits
        8        - public wires
      130        - public wire bits
        5        - ports
       66        - port bits
     1036 1.56E+03 cells
       16   17.024   AND2_X1
       12    15.96   AND3_X1
        3    4.788   AND4_X1
        7     9.31   AOI211_X1
       64   68.096   AOI21_X1
      121   160.93   AOI22_X1
       64   340.48   DFFR_X1
       21   11.172   INV_X1
        1    1.862   MUX2_X1
       93   74.214   NAND2_X1
       21   22.344   NAND3_X1
        7     9.31   NAND4_X1
      120    95.76   NOR2_X1
        6    6.384   NOR3_X1
        6     7.98   OAI211_X1
       67   71.288   OAI21_X1
       17   18.088   OR2_X1
        3     3.99   OR3_X1
      226  360.696   XNOR2_X1
      161  256.956   XOR2_X1

   Chip area for module '\booth_multiplier_wrapper': 1556.632000
     of which used for sequential elements: 340.480000 (21.87%)

