
29. Printing statistics.

=== booth_multiplier_wrapper ===

        +----------Local Count, excluding submodules.
        |        +-Local Area, excluding submodules.
        |        | 
     1073        - wires
     1195        - wire bits
        8        - public wires
      130        - public wire bits
        5        - ports
       66        - port bits
     1097  1633.24 cells
       31   32.984   AND2_X1
       12    15.96   AND3_X1
        3    4.788   AND4_X1
        2     2.66   AOI211_X1
       76   80.864   AOI21_X1
       89   118.37   AOI22_X1
       64   340.48   DFFR_X1
       33   17.556   INV_X1
       47   87.514   MUX2_X1
      106   84.588   NAND2_X1
       34   36.176   NAND3_X1
        9    11.97   NAND4_X1
      106   84.588   NOR2_X1
       14   14.896   NOR3_X1
        7     9.31   OAI211_X1
       71   75.544   OAI21_X1
        1    1.596   OAI221_X1
        3    5.586   OAI33_X1
       22   23.408   OR2_X1
        5     6.65   OR3_X1
        1    1.596   OR4_X1
      194  309.624   XNOR2_X1
      167  266.532   XOR2_X1

   Chip area for module '\booth_multiplier_wrapper': 1633.240000
     of which used for sequential elements: 340.480000 (20.85%)

