
14. Printing statistics.

=== mult_booth ===

        +----------Local Count, excluding submodules.
        |        +-Local Area, excluding submodules.
        |        | 
     1114        - wires
     1237        - wire bits
       16        - public wires
      139        - public wire bits
        5        - ports
       66        - port bits
     1130 1.62E+03 cells
       18   19.152   AND2_X1
       13    17.29   AND3_X1
        3    4.788   AND4_X1
        3     3.99   AOI211_X1
      251  267.064   AOI21_X1
       15    19.95   AOI22_X1
       64   340.48   DFFR_X1
       29   15.428   INV_X1
       15    27.93   MUX2_X1
       92   73.416   NAND2_X1
       18   19.152   NAND3_X1
        7     9.31   NAND4_X1
      126  100.548   NOR2_X1
        5     5.32   NOR3_X1
        3     3.99   OAI211_X1
       65    69.16   OAI21_X1
        1    1.596   OAI221_X1
        1    1.862   OAI33_X1
       27   28.728   OR2_X1
        5     6.65   OR3_X1
      204  325.584   XNOR2_X1
      165   263.34   XOR2_X1

   Chip area for module '\mult_booth': 1624.728000
     of which used for sequential elements: 340.480000 (20.96%)

