
29. Printing statistics.

=== booth_multiplier_wrapper ===

        +----------Local Count, excluding submodules.
        |        +-Local Area, excluding submodules.
        |        | 
     1029        - wires
     1151        - wire bits
        8        - public wires
      130        - public wire bits
        5        - ports
       66        - port bits
     1053  1626.59 cells
       44   46.816   AND2_X1
       19    25.27   AND3_X1
        3    4.788   AND4_X1
        2     2.66   AOI211_X1
       79   84.056   AOI21_X1
        2    3.192   AOI221_X1
       59    78.47   AOI22_X1
       64   340.48   DFFR_X1
       27   14.364   INV_X1
      102  189.924   MUX2_X1
       82   65.436   NAND2_X1
       25     26.6   NAND3_X1
        4     5.32   NAND4_X1
       81   64.638   NOR2_X1
       13   13.832   NOR3_X1
       68   72.352   OAI21_X1
        1    1.596   OAI221_X1
        2    3.724   OAI33_X1
       31   32.984   OR2_X1
        2     2.66   OR3_X1
      196  312.816   XNOR2_X1
      147  234.612   XOR2_X1

   Chip area for module '\booth_multiplier_wrapper': 1626.590000
     of which used for sequential elements: 340.480000 (20.93%)

