
29. Printing statistics.

=== booth_multiplier_wrapper ===

        +----------Local Count, excluding submodules.
        |        +-Local Area, excluding submodules.
        |        | 
     1132        - wires
     1254        - wire bits
        8        - public wires
      130        - public wire bits
        5        - ports
       66        - port bits
     1156 1.67E+03 cells
       19   20.216   AND2_X1
       11    14.63   AND3_X1
        5     7.98   AND4_X1
        4     5.32   AOI211_X1
       99  105.336   AOI21_X1
       46    61.18   AOI22_X1
       64   340.48   DFFR_X1
       41   21.812   INV_X1
       41   76.342   MUX2_X1
      156  124.488   NAND2_X1
       28   29.792   NAND3_X1
        4     5.32   NAND4_X1
      131  104.538   NOR2_X1
        7    7.448   NOR3_X1
        4     5.32   NOR4_X1
        1     1.33   OAI211_X1
       70    74.48   OAI21_X1
        1    1.596   OAI221_X1
       18    23.94   OAI22_X1
        2    3.724   OAI33_X1
       11   11.704   OR2_X1
        5     6.65   OR3_X1
        1    1.596   OR4_X1
      216  344.736   XNOR2_X1
      171  272.916   XOR2_X1

   Chip area for module '\booth_multiplier_wrapper': 1672.874000
     of which used for sequential elements: 340.480000 (20.35%)

