
29. Printing statistics.

=== booth_multiplier_wrapper ===

        +----------Local Count, excluding submodules.
        |        +-Local Area, excluding submodules.
        |        | 
     1122        - wires
     1244        - wire bits
        8        - public wires
      130        - public wire bits
        5        - ports
       66        - port bits
     1146 1.71E+03 cells
       50     53.2   AND2_X1
       21    27.93   AND3_X1
        3    4.788   AND4_X1
        7     9.31   AOI211_X1
      107  113.848   AOI21_X1
        2    3.192   AOI221_X1
       64   340.48   DFFR_X1
       45    23.94   INV_X1
      137  255.094   MUX2_X1
       87   69.426   NAND2_X1
       34   36.176   NAND3_X1
        5     6.65   NAND4_X1
      107   85.386   NOR2_X1
       19   20.216   NOR3_X1
        3     3.99   OAI211_X1
       87   92.568   OAI21_X1
        4    6.384   OAI221_X1
        5     9.31   OAI33_X1
       33   35.112   OR2_X1
       10     13.3   OR3_X1
      205   327.18   XNOR2_X1
      111  177.156   XOR2_X1

   Chip area for module '\booth_multiplier_wrapper': 1714.636000
     of which used for sequential elements: 340.480000 (19.86%)

