
9. Printing statistics.

=== mult_booth_extrec_8 ===

        +----------Local Count, excluding submodules.
        |        +-Local Area, excluding submodules.
        |        | 
      559        - wires
      625        - wire bits
        8        - public wires
       74        - public wire bits
        5        - ports
       38        - port bits
      567  731.234 cells
       10    10.64   AND2_X1
        2     2.66   AND3_X1
       40    42.56   AOI21_X1
       16    21.28   AOI22_X1
       36   191.52   DFFR_X1
       62   32.984   INV_X1
      114   90.972   NAND2_X1
      107  113.848   NAND3_X1
       23    30.59   NAND4_X1
        9    7.182   NOR2_X1
        4    4.256   NOR3_X1
        1     1.33   NOR4_X1
       19    25.27   OAI211_X1
       68   72.352   OAI21_X1
       11   17.556   OAI221_X1
        7     9.31   OAI22_X1
        5     5.32   OR2_X1
        4     5.32   OR3_X1
       25     39.9   XNOR2_X1
        4    6.384   XOR2_X1

   Chip area for module '\mult_booth_extrec_8': 731.234000
     of which used for sequential elements: 191.520000 (26.19%)

