
29. Printing statistics.

=== booth_multiplier_wrapper ===

        +----------Local Count, excluding submodules.
        |        +-Local Area, excluding submodules.
        |        | 
     1115        - wires
     1237        - wire bits
        8        - public wires
      130        - public wire bits
        5        - ports
       66        - port bits
     1139 1.67E+03 cells
       14   14.896   AND2_X1
       23    30.59   AND3_X1
        6    9.576   AND4_X1
        1     1.33   AOI211_X1
       86   91.504   AOI21_X1
       49    65.17   AOI22_X1
       64   340.48   DFFR_X1
       30    15.96   INV_X1
       57  106.134   MUX2_X1
      159  126.882   NAND2_X1
       40    42.56   NAND3_X1
        4     5.32   NAND4_X1
      112   89.376   NOR2_X1
        4    4.256   NOR3_X1
        2     2.66   NOR4_X1
        4     5.32   OAI211_X1
       79   84.056   OAI21_X1
        4     5.32   OAI22_X1
       15    15.96   OR2_X1
        2     2.66   OR3_X1
      197  314.412   XNOR2_X1
      187  298.452   XOR2_X1

   Chip area for module '\booth_multiplier_wrapper': 1672.874000
     of which used for sequential elements: 340.480000 (20.35%)

