Warning 1212: ../syn/lib/asap7/asap7_SIMPLE_RVT_TT.lib line 71029, timing group from output port.
Warning 1212: ../syn/lib/asap7/asap7_SIMPLE_RVT_TT.lib line 71505, timing group from output port.
Warning 1212: ../syn/lib/asap7/asap7_SIMPLE_RVT_TT.lib line 71981, timing group from output port.
Warning 1212: ../syn/lib/asap7/asap7_SIMPLE_RVT_TT.lib line 72457, timing group from output port.
Warning 1212: ../syn/lib/asap7/asap7_SIMPLE_RVT_TT.lib line 72933, timing group from output port.
Warning 1212: ../syn/lib/asap7/asap7_SIMPLE_RVT_TT.lib line 73409, timing group from output port.
Warning 1212: ../syn/lib/asap7/asap7_SIMPLE_RVT_TT.lib line 73885, timing group from output port.
Warning 1212: ../syn/lib/asap7/asap7_SIMPLE_RVT_TT.lib line 81795, timing group from output port.
Warning 1212: ../syn/lib/asap7/asap7_SIMPLE_RVT_TT.lib line 82271, timing group from output port.
Warning 1212: ../syn/lib/asap7/asap7_SIMPLE_RVT_TT.lib line 82747, timing group from output port.
Warning 1452: clock clk vcd period 10000.000 differs from SDC clock period 10.000
Annotated 3847 pin activities.
Group                  Internal  Switching    Leakage      Total
                          Power      Power      Power      Power (Watts)
----------------------------------------------------------------
Sequential             8.79e-03   0.00e+00   2.26e-08   8.79e-03 100.0%
Combinational          0.00e+00   0.00e+00   3.04e-08   3.04e-08   0.0%
Clock                  0.00e+00   0.00e+00   0.00e+00   0.00e+00   0.0%
Macro                  0.00e+00   0.00e+00   0.00e+00   0.00e+00   0.0%
Pad                    0.00e+00   0.00e+00   0.00e+00   0.00e+00   0.0%
----------------------------------------------------------------
Total                  8.79e-03   0.00e+00   5.30e-08   8.79e-03 100.0%
                         100.0%       0.0%       0.0%
