Warning 1212: ../syn/lib/asap7/asap7_SIMPLE_RVT_TT.lib line 71029, timing group from output port.
Warning 1212: ../syn/lib/asap7/asap7_SIMPLE_RVT_TT.lib line 71505, timing group from output port.
Warning 1212: ../syn/lib/asap7/asap7_SIMPLE_RVT_TT.lib line 71981, timing group from output port.
Warning 1212: ../syn/lib/asap7/asap7_SIMPLE_RVT_TT.lib line 72457, timing group from output port.
Warning 1212: ../syn/lib/asap7/asap7_SIMPLE_RVT_TT.lib line 72933, timing group from output port.
Warning 1212: ../syn/lib/asap7/asap7_SIMPLE_RVT_TT.lib line 73409, timing group from output port.
Warning 1212: ../syn/lib/asap7/asap7_SIMPLE_RVT_TT.lib line 73885, timing group from output port.
Warning 1212: ../syn/lib/asap7/asap7_SIMPLE_RVT_TT.lib line 81795, timing group from output port.
Warning 1212: ../syn/lib/asap7/asap7_SIMPLE_RVT_TT.lib line 82271, timing group from output port.
Warning 1212: ../syn/lib/asap7/asap7_SIMPLE_RVT_TT.lib line 82747, timing group from output port.
Warning 1452: clock clk vcd period 10000.000 differs from SDC clock period 10.000
Annotated 3561 pin activities.
Group                  Internal  Switching    Leakage      Total
                          Power      Power      Power      Power (Watts)
----------------------------------------------------------------
Sequential             7.82e-03   0.00e+00   2.01e-08   7.82e-03 100.0%
Combinational          0.00e+00   0.00e+00   2.43e-08   2.43e-08   0.0%
Clock                  0.00e+00   0.00e+00   0.00e+00   0.00e+00   0.0%
Macro                  0.00e+00   0.00e+00   0.00e+00   0.00e+00   0.0%
Pad                    0.00e+00   0.00e+00   0.00e+00   0.00e+00   0.0%
----------------------------------------------------------------
Total                  7.82e-03   0.00e+00   4.43e-08   7.82e-03 100.0%
                         100.0%       0.0%       0.0%
