
13. Printing statistics.

=== mult_booth_extrec_20 ===

        +----------Local Count, excluding submodules.
        |        +-Local Area, excluding submodules.
        |        | 
     1573        - wires
     1747        - wire bits
        8        - public wires
      182        - public wire bits
        5        - ports
       92        - port bits
     1605  2370.06 cells
       81   86.184   AND2_X1
        9    11.97   AND3_X1
        1     1.33   AOI211_X1
      120   127.68   AOI21_X1
      188   250.04   AOI22_X1
       90    478.8   DFFR_X1
       25     13.3   INV_X1
      148  118.104   NAND2_X1
       11   11.704   NAND3_X1
      156  124.488   NOR2_X1
        1    1.064   NOR3_X1
        3     3.99   OAI211_X1
      125      133   OAI21_X1
       45    47.88   OR2_X1
        1     1.33   OR3_X1
      370   590.52   XNOR2_X1
      231  368.676   XOR2_X1

   Chip area for module '\mult_booth_extrec_20': 2370.060000
     of which used for sequential elements: 478.800000 (20.20%)

