
14. Printing statistics.

=== mult_booth_extrec_8 ===

        +----------Local Count, excluding submodules.
        |        +-Local Area, excluding submodules.
        |        | 
      423        - wires
      489        - wire bits
        8        - public wires
       74        - public wire bits
        5        - ports
       38        - port bits
      431  600.362 cells
        8    8.512   AND2_X1
        8    10.64   AND3_X1
        3     3.99   AOI211_X1
       38   40.432   AOI21_X1
        2     2.66   AOI22_X1
       36   191.52   DFFR_X1
       56   29.792   INV_X1
       74   59.052   NAND2_X1
       34   36.176   NAND3_X1
        9    11.97   NAND4_X1
       23   18.354   NOR2_X1
        4    4.256   NOR3_X1
       13    17.29   OAI211_X1
       44   46.816   OAI21_X1
        2    3.192   OAI221_X1
       23    30.59   OAI22_X1
        2    2.128   OR2_X1
       44   70.224   XNOR2_X1
        8   12.768   XOR2_X1

   Chip area for module '\mult_booth_extrec_8': 600.362000
     of which used for sequential elements: 191.520000 (31.90%)

