
13. Printing statistics.

=== mult_booth_extrec ===

        +----------Local Count, excluding submodules.
        |        +-Local Area, excluding submodules.
        |        | 
      945        - wires
     1083        - wire bits
        8        - public wires
      146        - public wire bits
        5        - ports
       74        - port bits
      969  1517.53 cells
       17   18.088   AND2_X1
        6     7.98   AND3_X1
        1     1.33   AOI211_X1
       56   59.584   AOI21_X1
      118   156.94   AOI22_X1
       72   383.04   DFFR_X1
       13    6.916   INV_X1
       98   78.204   NAND2_X1
       13   13.832   NAND3_X1
      101   80.598   NOR2_X1
        2     2.66   OAI211_X1
       72   76.608   OAI21_X1
       12   12.768   OR2_X1
        1     1.33   OR3_X1
      216  344.736   XNOR2_X1
      171  272.916   XOR2_X1

   Chip area for module '\mult_booth_extrec': 1517.530000
     of which used for sequential elements: 383.040000 (25.24%)

