
15. Printing statistics.

=== mult_booth_8 ===

        +----------Local Count, excluding submodules.
        |        +-Local Area, excluding submodules.
        |        | 
      470        - wires
      529        - wire bits
       13        - public wires
       72        - public wire bits
        5        - ports
       34        - port bits
      473  619.514 cells
       11   11.704   AND2_X1
        7     9.31   AND3_X1
        2     2.66   AOI211_X1
       41   43.624   AOI21_X1
        3     3.99   AOI22_X1
       32   170.24   DFFR_X1
       60    31.92   INV_X1
        1    1.862   MUX2_X1
       89   71.022   NAND2_X1
       56   59.584   NAND3_X1
        8    10.64   NAND4_X1
       26   20.748   NOR2_X1
        5     5.32   NOR3_X1
       12    15.96   OAI211_X1
       45    47.88   OAI21_X1
       23    30.59   OAI22_X1
        1    1.064   OR2_X1
       42   67.032   XNOR2_X1
        9   14.364   XOR2_X1

   Chip area for module '\mult_booth_8': 619.514000
     of which used for sequential elements: 170.240000 (27.48%)

