
14. Printing statistics.

=== mult_booth_20 ===

        +----------Local Count, excluding submodules.
        |        +-Local Area, excluding submodules.
        |        | 
     1467        - wires
     1622        - wire bits
       18        - public wires
      173        - public wire bits
        5        - ports
       82        - port bits
     1489  2206.47 cells
       32   34.048   AND2_X1
       11    14.63   AND3_X1
        1     1.33   AOI211_X1
      124  131.936   AOI21_X1
        1    1.596   AOI221_X1
      179   238.07   AOI22_X1
       80    425.6   DFFR_X1
       33   17.556   INV_X1
        7   13.034   MUX2_X1
      125    99.75   NAND2_X1
        9    9.576   NAND3_X1
      153  122.094   NOR2_X1
        4    4.256   NOR3_X1
        2     2.66   OAI211_X1
       94  100.016   OAI21_X1
        2     2.66   OAI22_X1
       37   39.368   OR2_X1
        5     6.65   OR3_X1
      401  639.996   XNOR2_X1
      189  301.644   XOR2_X1

   Chip area for module '\mult_booth_20': 2206.470000
     of which used for sequential elements: 425.600000 (19.29%)

