
14. Printing statistics.

=== mult_booth_extrec ===

        +----------Local Count, excluding submodules.
        |        +-Local Area, excluding submodules.
        |        | 
     1634        - wires
     1772        - wire bits
        8        - public wires
      146        - public wire bits
        5        - ports
       74        - port bits
     1658 2.02E+03 cells
       12   12.768   AND2_X1
       66    87.78   AND3_X1
        6     7.98   AOI211_X1
      196  208.544   AOI21_X1
        4     5.32   AOI22_X1
       72   383.04   DFFR_X1
      229  121.828   INV_X1
      264  210.672   NAND2_X1
      178  189.392   NAND3_X1
        8    10.64   NAND4_X1
       69   55.062   NOR2_X1
       10    10.64   NOR3_X1
       28    37.24   OAI211_X1
      203  215.992   OAI21_X1
        4    6.384   OAI221_X1
      115   152.95   OAI22_X1
        6    6.384   OR2_X1
      168  268.128   XNOR2_X1
       20    31.92   XOR2_X1

   Chip area for module '\mult_booth_extrec': 2022.664000
     of which used for sequential elements: 383.040000 (18.94%)

