
14. Printing statistics.

=== mult_booth_extrec_20 ===

        +----------Local Count, excluding submodules.
        |        +-Local Area, excluding submodules.
        |        | 
     2512        - wires
     2686        - wire bits
        8        - public wires
      182        - public wire bits
        5        - ports
       92        - port bits
     2544 3.03E+03 cells
       24   25.536   AND2_X1
      112   148.96   AND3_X1
        2    3.192   AND4_X1
        5     6.65   AOI211_X1
      309  328.776   AOI21_X1
        6     7.98   AOI22_X1
       90    478.8   DFFR_X1
      316  168.112   INV_X1
      431  343.938   NAND2_X1
      299  318.136   NAND3_X1
       14    18.62   NAND4_X1
      101   80.598   NOR2_X1
       13   13.832   NOR3_X1
       26    34.58   OAI211_X1
      313  333.032   OAI21_X1
        5     7.98   OAI221_X1
      185   246.05   OAI22_X1
       12   12.768   OR2_X1
      252  402.192   XNOR2_X1
       29   46.284   XOR2_X1

   Chip area for module '\mult_booth_extrec_20': 3026.016000
     of which used for sequential elements: 478.800000 (15.82%)

