
13. Printing statistics.

=== mult_booth_extrec_8 ===

        +----------Local Count, excluding submodules.
        |        +-Local Area, excluding submodules.
        |        | 
      268        - wires
      334        - wire bits
        8        - public wires
       74        - public wire bits
        5        - ports
       38        - port bits
      276   486.78 cells
        9    9.576   AND2_X1
        2     2.66   AND3_X1
       14   14.896   AOI21_X1
       26    34.58   AOI22_X1
       36   191.52   DFFR_X1
        8    4.256   INV_X1
       29   23.142   NAND2_X1
        5     5.32   NAND3_X1
       25    19.95   NOR2_X1
       19   20.216   OAI21_X1
        7    7.448   OR2_X1
       55    87.78   XNOR2_X1
       41   65.436   XOR2_X1

   Chip area for module '\mult_booth_extrec_8': 486.780000
     of which used for sequential elements: 191.520000 (39.34%)

