
15. Printing statistics.

=== mult_booth_20 ===

        +----------Local Count, excluding submodules.
        |        +-Local Area, excluding submodules.
        |        | 
     2577        - wires
     2732        - wire bits
       19        - public wires
      174        - public wire bits
        5        - ports
       82        - port bits
     2598  3016.44 cells
       19   20.216   AND2_X1
      105   139.65   AND3_X1
        3     3.99   AOI211_X1
      319  339.416   AOI21_X1
        6     7.98   AOI22_X1
       80    425.6   DFFR_X1
      324  172.368   INV_X1
      486  387.828   NAND2_X1
      352  374.528   NAND3_X1
        8    10.64   NAND4_X1
       79   63.042   NOR2_X1
       10    10.64   NOR3_X1
       29    38.57   OAI211_X1
      317  337.288   OAI21_X1
      170    226.1   OAI22_X1
       11   11.704   OR2_X1
      251  400.596   XNOR2_X1
       29   46.284   XOR2_X1

   Chip area for module '\mult_booth_20': 3016.440000
     of which used for sequential elements: 425.600000 (14.11%)

