
15. Printing statistics.

=== mult_booth ===

        +----------Local Count, excluding submodules.
        |        +-Local Area, excluding submodules.
        |        | 
     1664        - wires
     1787        - wire bits
       17        - public wires
      140        - public wire bits
        5        - ports
       66        - port bits
     1679 2.01E+03 cells
       14   14.896   AND2_X1
       64    85.12   AND3_X1
        5     6.65   AOI211_X1
      201  213.864   AOI21_X1
        2     2.66   AOI22_X1
       64   340.48   DFFR_X1
      208  110.656   INV_X1
      288  229.824   NAND2_X1
      215   228.76   NAND3_X1
        9    11.97   NAND4_X1
       71   56.658   NOR2_X1
       14   14.896   NOR3_X1
       21    27.93   OAI211_X1
      204  217.056   OAI21_X1
        3    4.788   OAI221_X1
      105   139.65   OAI22_X1
        5     5.32   OR2_X1
      165   263.34   XNOR2_X1
       21   33.516   XOR2_X1

   Chip area for module '\mult_booth': 2008.034000
     of which used for sequential elements: 340.480000 (16.96%)

