
14. Printing statistics.

=== mult_booth_8 ===

        +----------Local Count, excluding submodules.
        |        +-Local Area, excluding submodules.
        |        | 
      273        - wires
      332        - wire bits
       12        - public wires
       71        - public wire bits
        5        - ports
       34        - port bits
      277  472.416 cells
       12   12.768   AND2_X1
        3     3.99   AND3_X1
       22   23.408   AOI21_X1
       22    29.26   AOI22_X1
       32   170.24   DFFR_X1
       12    6.384   INV_X1
        3    5.586   MUX2_X1
       26   20.748   NAND2_X1
        3    3.192   NAND3_X1
       20    15.96   NOR2_X1
        1    1.064   NOR3_X1
        2     2.66   OAI211_X1
       16   17.024   OAI21_X1
        1    1.596   OAI221_X1
        7    7.448   OR2_X1
        2     2.66   OR3_X1
       60    95.76   XNOR2_X1
       33   52.668   XOR2_X1

   Chip area for module '\mult_booth_8': 472.416000
     of which used for sequential elements: 170.240000 (36.04%)

